Arguments: 
  C:\Program Files\nodejs\node.exe C:\Users\msato\AppData\Roaming\npm\node_modules\yarn\bin\yarn.js install

PATH: 
  C:\WINDOWS\system32;C:\WINDOWS;C:\WINDOWS\System32\Wbem;C:\WINDOWS\System32\WindowsPowerShell\v1.0\;C:\WINDOWS\System32\OpenSSH\;C:\Program Files\nodejs\;C:\PROGRA~1\JPKI;C:\Users\msato\AppData\Local\Microsoft\WindowsApps;C:\Users\msato\AppData\Local\Programs\Microsoft VS Code\bin;C:\Program Files\Git\cmd;C:\Users\msato\AppData\Local\GitHubDesktop\bin;C:\Users\msato\AppData\Roaming\npm;

Yarn version: 
  1.22.17

Node version: 
  20.18.0

Platform: 
  win32 x64

Trace: 
  SyntaxError: C:\Users\msato\OneDrive\Desktop\Develop2\SEstudies\package.json: Unexpected end of JSON input
      at JSON.parse (<anonymous>)
      at C:\Users\msato\AppData\Roaming\npm\node_modules\yarn\lib\cli.js:1625:59
      at Generator.next (<anonymous>)
      at step (C:\Users\msato\AppData\Roaming\npm\node_modules\yarn\lib\cli.js:310:30)
      at C:\Users\msato\AppData\Roaming\npm\node_modules\yarn\lib\cli.js:321:13

npm manifest: 
  

yarn manifest: 
  No manifest

Lockfile: 
  No lockfile
